// Jest Snapshot v1, https://goo.gl/fbAQLP

exports[`<CenteredTitle /> matches snapshot 1`] = `
<Text
  accessible={true}
  allowFontScaling={true}
  ellipsizeMode="tail"
  style={
    Object {
      "borderRadius": 4,
      "borderWidth": 0,
      "fontSize": 24,
      "paddingTop": 20,
      "textAlign": "center",
    }
  }
>
  Hello Test
</Text>
`;
